Archive member included because of file (symbol)

/usr/share/crossworks_for_arm_3.6/lib/libmem_light_v7m_t_le_eabi_small.a(libmem_light_unity.o)
                              Release/STM32_Loader.o (libmem_register_driver)
/usr/share/crossworks_for_arm_3.6/lib/libmem_light_v7m_t_le_eabi_small.a(libmem_crc32_direct.o)
                              /usr/share/crossworks_for_arm_3.6/lib/libmem_light_v7m_t_le_eabi_small.a(libmem_light_unity.o) (libmem_crc32_direct)
/usr/share/crossworks_for_arm_3.6/lib/libmem_loader_v7m_t_le_eabi.a(libmem_rpc_loader_start.o)
                              Release/STM32_Loader.o (libmem_rpc_loader_start)
/usr/share/crossworks_for_arm_3.6/lib/libmem_loader_v7m_t_le_eabi.a(libmem_rpc_loader_exit.o)
                              Release/STM32_Loader.o (libmem_rpc_loader_exit)
/usr/share/crossworks_for_arm_3.6/lib/libmem_loader_v7m_t_le_eabi.a(libmem_rpc_loader_op.o)
                              /usr/share/crossworks_for_arm_3.6/lib/libmem_loader_v7m_t_le_eabi.a(libmem_rpc_loader_start.o) (libmem_rpc_loader_op)
/usr/share/crossworks_for_arm_3.6/lib/libc_v7m_t_le_eabi.a(libc2_asm.o)
                              /usr/share/crossworks_for_arm_3.6/lib/libmem_light_v7m_t_le_eabi_small.a(libmem_light_unity.o) (memcpy)
/usr/share/crossworks_for_arm_3.6/lib/libm_v7m_t_le_eabi.a(libm_asm.o)
                              /usr/share/crossworks_for_arm_3.6/lib/libvfscanf_v7m_t_le_eabi.o (__aeabi_i2d)
/usr/share/crossworks_for_arm_3.6/lib/libm_v7m_t_le_eabi.a(libm2.o)
                              /usr/share/crossworks_for_arm_3.6/lib/libvfprintf_v7m_t_le_eabi.o (frexp)
/usr/share/crossworks_for_arm_3.6/lib/libm_v7m_t_le_eabi.a(libm2_asm.o)
                              /usr/share/crossworks_for_arm_3.6/lib/libm_v7m_t_le_eabi.a(libm2.o) (fabs)
/usr/share/crossworks_for_arm_3.6/lib/libc_v7m_t_le_eabi.a(libc_asm.o)
                              /usr/share/crossworks_for_arm_3.6/lib/libvfprintf_v7m_t_le_eabi.o (__aeabi_uldivmod)
/usr/share/crossworks_for_arm_3.6/lib/libc_v7m_t_le_eabi.a(libc2.o)
                              /usr/share/crossworks_for_arm_3.6/lib/libvfscanf_v7m_t_le_eabi.o (__getc)

Discarded input sections

 .data          0x00000000        0x0 Release/Loader_Startup.o
 .bss           0x00000000        0x0 Release/Loader_Startup.o
 .group         0x00000000        0x8 Release/STM32_Loader.o
 .group         0x00000000        0x8 Release/STM32_Loader.o
 .group         0x00000000        0x8 Release/STM32_Loader.o
 .group         0x00000000        0x8 Release/STM32_Loader.o
 .group         0x00000000        0x8 Release/STM32_Loader.o
 .group         0x00000000        0x8 Release/STM32_Loader.o
 .group         0x00000000        0x8 Release/STM32_Loader.o
 .group         0x00000000        0x8 Release/STM32_Loader.o
 .group         0x00000000        0x8 Release/STM32_Loader.o
 .group         0x00000000        0x8 Release/STM32_Loader.o
 .group         0x00000000        0x8 Release/STM32_Loader.o
 .text          0x00000000        0x0 Release/STM32_Loader.o
 .data          0x00000000        0x0 Release/STM32_Loader.o
 .bss           0x00000000        0x0 Release/STM32_Loader.o
 .text          0x00000000        0x0 /usr/share/crossworks_for_arm_3.6/lib/libmem_light_v7m_t_le_eabi_small.a(libmem_light_unity.o)
 .data          0x00000000        0x0 /usr/share/crossworks_for_arm_3.6/lib/libmem_light_v7m_t_le_eabi_small.a(libmem_light_unity.o)
 .bss           0x00000000        0x0 /usr/share/crossworks_for_arm_3.6/lib/libmem_light_v7m_t_le_eabi_small.a(libmem_light_unity.o)
 .text.libmem   0x00000000        0x0 /usr/share/crossworks_for_arm_3.6/lib/libmem_light_v7m_t_le_eabi_small.a(libmem_light_unity.o)
 .text.libmem.cfi_peek_uint8
                0x00000000       0x18 /usr/share/crossworks_for_arm_3.6/lib/libmem_light_v7m_t_le_eabi_small.a(libmem_light_unity.o)
 .text.libmem.cfi_get_value
                0x00000000       0x10 /usr/share/crossworks_for_arm_3.6/lib/libmem_light_v7m_t_le_eabi_small.a(libmem_light_unity.o)
 .text.libmem.libmem_cfi_0002_8_flush
                0x00000000        0xa /usr/share/crossworks_for_arm_3.6/lib/libmem_light_v7m_t_le_eabi_small.a(libmem_light_unity.o)
 .text.libmem.libmem_cfi_0002_8_lock
                0x00000000        0x6 /usr/share/crossworks_for_arm_3.6/lib/libmem_light_v7m_t_le_eabi_small.a(libmem_light_unity.o)
 .text.libmem.libmem_cfi_0002_8_unlock
                0x00000000        0x6 /usr/share/crossworks_for_arm_3.6/lib/libmem_light_v7m_t_le_eabi_small.a(libmem_light_unity.o)
 .text.libmem.libmem_cfi_0002_16_flush
                0x00000000        0xa /usr/share/crossworks_for_arm_3.6/lib/libmem_light_v7m_t_le_eabi_small.a(libmem_light_unity.o)
 .text.libmem.libmem_cfi_0002_16_lock
                0x00000000        0x6 /usr/share/crossworks_for_arm_3.6/lib/libmem_light_v7m_t_le_eabi_small.a(libmem_light_unity.o)
 .text.libmem.libmem_cfi_0002_16_unlock
[...]
Memory Configuration

Name             Origin             Length             Attributes
UNPLACED_SECTIONS 0xffffffff         0x00000000         xw
RAM              0x20000000         0x00001000         xw
*default*        0x00000000         0xffffffff

Linker script and memory map

                0x00000000                __vfprintf = __vfprintf_float_long_long
                0x00000000                __vfscanf = __vfscanf_float_long_long_cc
                0x20000000                __RAM_segment_start__ = 0x20000000
                0x20001000                __RAM_segment_end__ = 0x20001000
                0x00001000                __RAM_segment_size__ = 0x1000
                0x00000400                __HEAPSIZE__ = 0x400
                0x00000000                __STACKSIZE_ABT__ = 0x0
                0x00000000                __STACKSIZE_FIQ__ = 0x0
                0x00000000                __STACKSIZE_IRQ__ = 0x0
                0x00000000                __STACKSIZE_PROCESS__ = 0x0
                0x00000000                __STACKSIZE_SVC__ = 0x0
                0x00000000                __STACKSIZE_UND__ = 0x0
                0x00000100                __STACKSIZE__ = 0x100
                0x20000000                __load_section_load_start__ = __RAM_segment_start__

.load_section   0x20000000      0x704
                0x20000000                __load_section_start__ = .
 *(.text)
 .text          0x20000000       0x2c Release/Loader_Startup.o
                0x20000000                _start
 .text          0x2000002c        0x8 /usr/share/crossworks_for_arm_3.6/lib/libmem_loader_v7m_t_le_eabi.a(libmem_rpc_loader_start.o)
                0x2000002c                libmem_rpc_loader_start
 .text          0x20000034        0x8 /usr/share/crossworks_for_arm_3.6/lib/libmem_loader_v7m_t_le_eabi.a(libmem_rpc_loader_exit.o)
                0x20000034                libmem_rpc_loader_exit
 *fill*         0x2000003c        0x4 
 .text          0x20000040       0x18 /usr/share/crossworks_for_arm_3.6/lib/libmem_loader_v7m_t_le_eabi.a(libmem_rpc_loader_op.o)
                0x20000040                libmem_rpc_loader_op
 *(.text.*)
 .text.FLASH_ProgramHalfWord
                0x20000058       0x50 Release/STM32_Loader.o
 .text.libmem_write_impl
                0x200000a8       0x6c Release/STM32_Loader.o
 .text.libmem_erase_impl
                0x20000114      0x1b8 Release/STM32_Loader.o
 .text.libmem_inrange_impl
                0x200002cc       0x2c Release/STM32_Loader.o
 .text.stm32_register_driver
                0x200002f8      0x1cc Release/STM32_Loader.o
                0x200002f8                stm32_register_driver
 .text.main     0x200004c4       0x2c Release/STM32_Loader.o
                0x200004c4                main
 .text.libmem.libmem_register_driver
                0x200004f0       0x28 /usr/share/crossworks_for_arm_3.6/lib/libmem_light_v7m_t_le_eabi_small.a(libmem_light_unity.o)
                0x200004f0                libmem_register_driver
 .text.libmem.libmem_write
                0x20000518       0x30 /usr/share/crossworks_for_arm_3.6/lib/libmem_light_v7m_t_le_eabi_small.a(libmem_light_unity.o)
                0x20000518                libmem_write
 .text.libmem.libmem_erase
                0x20000548       0x34 /usr/share/crossworks_for_arm_3.6/lib/libmem_light_v7m_t_le_eabi_small.a(libmem_light_unity.o)
                0x20000548                libmem_erase
 .text.libmem.libmem_erase_all
                0x2000057c       0x24 /usr/share/crossworks_for_arm_3.6/lib/libmem_light_v7m_t_le_eabi_small.a(libmem_light_unity.o)
                0x2000057c                libmem_erase_all
 .text.libmem.libmem_lock
                0x200005a0       0x2c /usr/share/crossworks_for_arm_3.6/lib/libmem_light_v7m_t_le_eabi_small.a(libmem_light_unity.o)
                0x200005a0                libmem_lock
 .text.libmem.libmem_unlock
                0x200005cc       0x2c /usr/share/crossworks_for_arm_3.6/lib/libmem_light_v7m_t_le_eabi_small.a(libmem_light_unity.o)
                0x200005cc                libmem_unlock
 .text.libmem.libmem_flush
                0x200005f8       0x24 /usr/share/crossworks_for_arm_3.6/lib/libmem_light_v7m_t_le_eabi_small.a(libmem_light_unity.o)
                0x200005f8                libmem_flush
 .text.libmem.libmem_crc32
                0x2000061c       0x34 /usr/share/crossworks_for_arm_3.6/lib/libmem_light_v7m_t_le_eabi_small.a(libmem_light_unity.o)
                0x2000061c                libmem_crc32
 .text.libmem.libmem_get_sector_size
                0x20000650       0x2a /usr/share/crossworks_for_arm_3.6/lib/libmem_light_v7m_t_le_eabi_small.a(libmem_light_unity.o)
                0x20000650                libmem_get_sector_size
 *fill*         0x2000067a        0x2 
 .text.libmem.libmem_get_driver_sector_size
                0x2000067c       0x18 /usr/share/crossworks_for_arm_3.6/lib/libmem_light_v7m_t_le_eabi_small.a(libmem_light_unity.o)
                0x2000067c                libmem_get_driver_sector_size
 .text.libmem   0x20000694       0x38 /usr/share/crossworks_for_arm_3.6/lib/libmem_light_v7m_t_le_eabi_small.a(libmem_crc32_direct.o)
                0x20000694                libmem_crc32_direct
 *(.rodata)
 *(.rodata.*)
 .rodata.driver_functions
                0x200006cc       0x18 Release/STM32_Loader.o
 .rodata.str1.4
                0x200006e4       0x14 Release/STM32_Loader.o
                                 0x13 (size before relaxing)
 .rodata.ext_driver_functions
                0x200006f8        0xc Release/STM32_Loader.o
 *(.data)
 *(.data.*)
 *(.glue_7t)
 .glue_7t       0x00000000        0x0 linker stubs
 *(.glue_7)
 .glue_7        0x00000000        0x0 linker stubs
 *(.gnu.linkonce.t.*)
                0x20000704                __load_section_end__ = (__load_section_start__ + SIZEOF (.load_section))
                0x00000704                __load_section_size__ = SIZEOF (.load_section)
                0x20000704                __load_section_load_end__ = __load_section_end__

.vfp11_veneer   0x00000000        0x0
 .vfp11_veneer  0x00000000        0x0 linker stubs

.v4_bx          0x00000000        0x0
 .v4_bx         0x00000000        0x0 linker stubs

.iplt           0x00000000        0x0
 .iplt          0x00000000        0x0 Release/Loader_Startup.o

.igot.plt       0x00000000        0x0
 .igot.plt      0x00000000        0x0 Release/Loader_Startup.o

.rel.dyn        0x20000704        0x0
 .rel.iplt      0x00000000        0x0 Release/Loader_Startup.o
                0x00000001                . = ASSERT (((__load_section_start__ == __load_section_end__) || ((__load_section_end__ >= __RAM_segment_start__) && (__load_section_end__ <= __RAM_segment_end__))), error: .load_section is too large to fit in RAM memory segment)
                0x20000704                __bss_load_start__ = ALIGN (__load_section_end__, 0x4)

.bss            0x20000704       0x18
                0x20000704                __bss_start__ = .
 *(.bss .bss.* .gnu.linkonce.b.*)
 .bss.geometry  0x20000704       0x10 Release/STM32_Loader.o
                0x20000704                geometry
 .bss.FLASH_SIZE
                0x20000714        0x4 Release/STM32_Loader.o
                0x20000714                FLASH_SIZE
 .bss.libmem.libmem_drivers
                0x20000718        0x4 /usr/share/crossworks_for_arm_3.6/lib/libmem_light_v7m_t_le_eabi_small.a(libmem_light_unity.o)
                0x20000718                libmem_drivers
 *(COMMON)
                0x2000071c                __bss_end__ = (__bss_start__ + SIZEOF (.bss))
                0x00000018                __bss_size__ = SIZEOF (.bss)
                0x2000071c                __bss_load_end__ = __bss_end__
                0x00000001                . = ASSERT (((__bss_start__ == __bss_end__) || ((__bss_end__ >= __RAM_segment_start__) && (__bss_end__ <= __RAM_segment_end__))), error: .bss is too large to fit in RAM memory segment)
                0x2000071c                __stack_load_start__ = ALIGN (__bss_end__, 0x4)

.stack          0x2000071c      0x100
                0x2000071c                __stack_start__ = .
 *(.stack .stack.*)
                0x2000081c                . = ALIGN (MAX ((__stack_start__ + __STACKSIZE__), .), 0x4)
 *fill*         0x2000071c      0x100 
                0x2000081c                __stack_end__ = (__stack_start__ + SIZEOF (.stack))
                0x00000100                __stack_size__ = SIZEOF (.stack)
                0x2000081c                __stack_load_end__ = __stack_end__
                0x2000081c                __RAM_segment_used_end__ = (ALIGN (__bss_end__, 0x4) + SIZEOF (.stack))
                0x0000081c                __RAM_segment_used_size__ = (__RAM_segment_used_end__ - __RAM_segment_start__)
                0x00000001                . = ASSERT (((__stack_start__ == __stack_end__) || ((__stack_end__ >= __RAM_segment_start__) && (__stack_end__ <= __RAM_segment_end__))), error: .stack is too large to fit in RAM memory segment)
START GROUP
LOAD Release/Loader_Startup.o
LOAD Release/STM32_Loader.o
LOAD /usr/share/crossworks_for_arm_3.6/lib/libmem_light_v7m_t_le_eabi_small.a
LOAD /usr/share/crossworks_for_arm_3.6/lib/libmem_loader_v7m_t_le_eabi.a
LOAD /usr/share/crossworks_for_arm_3.6/lib/libcm_v7m_t_le_eabi.a
LOAD /usr/share/crossworks_for_arm_3.6/lib/libdebugio_mempoll_v7m_t_le_eabi.a
LOAD /usr/share/crossworks_for_arm_3.6/lib/libm_v7m_t_le_eabi.a
LOAD /usr/share/crossworks_for_arm_3.6/lib/libc_v7m_t_le_eabi.a
LOAD /usr/share/crossworks_for_arm_3.6/lib/libcpp_v7m_t_le_eabi.a
LOAD /usr/share/crossworks_for_arm_3.6/lib/libdebugio_v7m_t_le_eabi.a
LOAD /usr/share/crossworks_for_arm_3.6/lib/libvfprintf_v7m_t_le_eabi.o
LOAD /usr/share/crossworks_for_arm_3.6/lib/libvfscanf_v7m_t_le_eabi.o
END GROUP
OUTPUT(Release/Loader_rpc.elf elf32-littlearm)

.ARM.attributes
                0x00000000       0x2f
 .ARM.attributes
                0x00000000       0x21 Release/Loader_Startup.o
 .ARM.attributes
                0x00000021       0x33 Release/STM32_Loader.o
 .ARM.attributes
                0x00000054       0x2d /usr/share/crossworks_for_arm_3.6/lib/libmem_light_v7m_t_le_eabi_small.a(libmem_light_unity.o)
 .ARM.attributes
                0x00000081       0x1b /usr/share/crossworks_for_arm_3.6/lib/libmem_light_v7m_t_le_eabi_small.a(libmem_crc32_direct.o)
 .ARM.attributes
                0x0000009c       0x1b /usr/share/crossworks_for_arm_3.6/lib/libmem_loader_v7m_t_le_eabi.a(libmem_rpc_loader_start.o)
 .ARM.attributes
                0x000000b7       0x1b /usr/share/crossworks_for_arm_3.6/lib/libmem_loader_v7m_t_le_eabi.a(libmem_rpc_loader_exit.o)
 .ARM.attributes
                0x000000d2       0x1b /usr/share/crossworks_for_arm_3.6/lib/libmem_loader_v7m_t_le_eabi.a(libmem_rpc_loader_op.o)

.comment        0x00000000       0x4e
 .comment       0x00000000       0x4e Release/STM32_Loader.o
                                 0x4f (size before relaxing)
 .comment       0x00000000       0x4f /usr/share/crossworks_for_arm_3.6/lib/libmem_light_v7m_t_le_eabi_small.a(libmem_light_unity.o)

.debug_line     0x00000000      0xaa9
 .debug_line    0x00000000       0xae Release/Loader_Startup.o
 .debug_line    0x000000ae      0x386 Release/STM32_Loader.o
 .debug_line    0x00000434      0x675 /usr/share/crossworks_for_arm_3.6/lib/libmem_light_v7m_t_le_eabi_small.a(libmem_light_unity.o)

.debug_info     0x00000000     0x1a31
 .debug_info    0x00000000       0xeb Release/Loader_Startup.o
 .debug_info    0x000000eb      0x92c Release/STM32_Loader.o
 .debug_info    0x00000a17     0x101a /usr/share/crossworks_for_arm_3.6/lib/libmem_light_v7m_t_le_eabi_small.a(libmem_light_unity.o)

.debug_abbrev   0x00000000      0x4d9
 .debug_abbrev  0x00000000       0x14 Release/Loader_Startup.o
 .debug_abbrev  0x00000014      0x282 Release/STM32_Loader.o
 .debug_abbrev  0x00000296      0x243 /usr/share/crossworks_for_arm_3.6/lib/libmem_light_v7m_t_le_eabi_small.a(libmem_light_unity.o)

.debug_aranges  0x00000000      0x4b0
 .debug_aranges
                0x00000000       0x20 Release/Loader_Startup.o
 .debug_aranges
                0x00000020       0x48 Release/STM32_Loader.o
 .debug_aranges
                0x00000068      0x448 /usr/share/crossworks_for_arm_3.6/lib/libmem_light_v7m_t_le_eabi_small.a(libmem_light_unity.o)

.debug_frame    0x00000000     0x1230
 .debug_frame   0x00000000       0xe4 Release/STM32_Loader.o
 .debug_frame   0x000000e4     0x114c /usr/share/crossworks_for_arm_3.6/lib/libmem_light_v7m_t_le_eabi_small.a(libmem_light_unity.o)

.debug_loc      0x00000000      0x44a
 .debug_loc     0x00000000      0x44a Release/STM32_Loader.o

.debug_ranges   0x00000000      0x6c8
 .debug_ranges  0x00000000       0x38 Release/STM32_Loader.o
 .debug_ranges  0x00000038      0x690 /usr/share/crossworks_for_arm_3.6/lib/libmem_light_v7m_t_le_eabi_small.a(libmem_light_unity.o)

.debug_macro    0x00000000     0x97bb
 .debug_macro   0x00000000       0x9f Release/STM32_Loader.o
 .debug_macro   0x0000009f      0x886 Release/STM32_Loader.o
 .debug_macro   0x00000925       0x89 Release/STM32_Loader.o
 .debug_macro   0x000009ae       0x1c Release/STM32_Loader.o
 .debug_macro   0x000009ca      0x188 Release/STM32_Loader.o
 .debug_macro   0x00000b52       0xea Release/STM32_Loader.o
 .debug_macro   0x00000c3c       0x56 Release/STM32_Loader.o
 .debug_macro   0x00000c92       0x3a Release/STM32_Loader.o
 .debug_macro   0x00000ccc       0x2d Release/STM32_Loader.o
 .debug_macro   0x00000cf9      0xbb1 Release/STM32_Loader.o
 .debug_macro   0x000018aa     0x7edd Release/STM32_Loader.o
 .debug_macro   0x00009787       0x34 Release/STM32_Loader.o

.debug_str      0x00000000    0x35279
 .debug_str     0x00000000    0x340fa Release/STM32_Loader.o
                              0x3426e (size before relaxing)
 .debug_str     0x000340fa     0x117f /usr/share/crossworks_for_arm_3.6/lib/libmem_light_v7m_t_le_eabi_small.a(libmem_light_unity.o)
                               0x1196 (size before relaxing)
